// Jest Snapshot v1, https://goo.gl/fbAQLP

exports[`SearchInput Component Testing take snapshot 1`] = `
<div>
  <div
    class="ui basic segment"
    style="width: 100%;"
  >
    <div
      class="ui icon input full-width"
      data-testid="search-input"
    >
      <input
        placeholder="Search by movie name!"
        type="text"
        value=""
      />
      <i
        aria-hidden="true"
        class="search icon"
      />
    </div>
    
  </div>
</div>
`;
