// Jest Snapshot v1, https://goo.gl/fbAQLP

exports[`PlayButton Component Testing take snapshot 1`] = `
<button
  data-testid="play-btn"
>
  <a
    class="sc-bdfBwQ gaGgLj"
  >
    <i
      aria-hidden="true"
      class="play mini icon"
    />
  </a>
</button>
`;
